\BOOKMARK [1][-]{section.1}{\376\377\000I\000n\000t\000r\000o\000d\000u\000c\000t\000i\000o\000n}{}% 1
\BOOKMARK [1][-]{section.2}{\376\377\000R\000e\000l\000a\000t\000e\000d\000\040\000w\000o\000r\000k}{}% 2
\BOOKMARK [2][-]{subsection.2.1}{\376\377\000G\000r\000a\000p\000h\000\040\000n\000e\000u\000r\000a\000l\000\040\000n\000e\000t\000w\000o\000r\000k\000s\000\040\000f\000o\000r\000\040\000f\000r\000a\000u\000d\000\040\000d\000e\000t\000e\000c\000t\000i\000o\000n}{section.2}% 3
\BOOKMARK [2][-]{subsection.2.2}{\376\377\000E\000x\000p\000l\000a\000i\000n\000a\000b\000i\000l\000i\000t\000y\000\040\000m\000e\000t\000h\000o\000d\000s\000\040\000f\000o\000r\000\040\000g\000r\000a\000p\000h\000\040\000n\000e\000u\000r\000a\000l\000\040\000n\000e\000t\000w\000o\000r\000k\000s}{section.2}% 4
\BOOKMARK [2][-]{subsection.2.3}{\376\377\000T\000e\000m\000p\000o\000r\000a\000l\000\040\000g\000r\000a\000p\000h\000\040\000n\000e\000u\000r\000a\000l\000\040\000n\000e\000t\000w\000o\000r\000k\000s}{section.2}% 5
\BOOKMARK [2][-]{subsection.2.4}{\376\377\000L\000o\000w\000-\000l\000a\000t\000e\000n\000c\000y\000\040\000f\000r\000a\000u\000d\000\040\000d\000e\000t\000e\000c\000t\000i\000o\000n\000\040\000s\000y\000s\000t\000e\000m\000s}{section.2}% 6
\BOOKMARK [2][-]{subsection.2.5}{\376\377\000R\000e\000g\000u\000l\000a\000t\000i\000o\000n\000\040\000a\000n\000d\000\040\000e\000x\000p\000l\000a\000n\000a\000t\000i\000o\000n\000\040\000r\000e\000q\000u\000i\000r\000e\000m\000e\000n\000t\000s}{section.2}% 7
\BOOKMARK [2][-]{subsection.2.6}{\376\377\000P\000o\000s\000i\000t\000i\000o\000n\000i\000n\000g\000\040\000o\000f\000\040\000R\000T\000X\000G\000N\000N}{section.2}% 8
\BOOKMARK [1][-]{section.3}{\376\377\000M\000e\000t\000h\000o\000d\000o\000l\000o\000g\000y}{}% 9
\BOOKMARK [2][-]{subsection.3.1}{\376\377\000P\000r\000o\000b\000l\000e\000m\000\040\000f\000o\000r\000m\000u\000l\000a\000t\000i\000o\000n}{section.3}% 10
\BOOKMARK [2][-]{subsection.3.2}{\376\377\000H\000i\000e\000r\000a\000r\000c\000h\000i\000c\000a\000l\000\040\000R\000e\000c\000e\000n\000c\000y\000-\000A\000w\000a\000r\000e\000\040\000P\000o\000s\000i\000t\000i\000o\000n\000a\000l\000\040\000E\000n\000c\000o\000d\000i\000n\000g\000\040\000\050\000H\000R\000A\000P\000E\000\051}{section.3}% 11
\BOOKMARK [2][-]{subsection.3.3}{\376\377\000S\000e\000l\000f\000-\000E\000x\000p\000l\000a\000i\000n\000a\000b\000l\000e\000\040\000A\000g\000g\000r\000e\000g\000a\000t\000i\000o\000n\000\040\000L\000a\000y\000e\000r\000\040\000\050\000S\000E\000A\000L\000\051}{section.3}% 12
\BOOKMARK [2][-]{subsection.3.4}{\376\377\000T\000r\000a\000i\000n\000i\000n\000g\000\040\000o\000b\000j\000e\000c\000t\000i\000v\000e}{section.3}% 13
\BOOKMARK [2][-]{subsection.3.5}{\376\377\000T\000r\000a\000i\000n\000i\000n\000g\000\040\000a\000n\000d\000\040\000i\000n\000f\000e\000r\000e\000n\000c\000e\000\040\000p\000r\000o\000c\000e\000d\000u\000r\000e\000s}{section.3}% 14
\BOOKMARK [1][-]{section.4}{\376\377\000E\000x\000p\000e\000r\000i\000m\000e\000n\000t\000a\000l\000\040\000s\000e\000t\000u\000p}{}% 15
\BOOKMARK [2][-]{subsection.4.1}{\376\377\000D\000a\000t\000a\000s\000e\000t\000s}{section.4}% 16
\BOOKMARK [2][-]{subsection.4.2}{\376\377\000P\000r\000e\000p\000r\000o\000c\000e\000s\000s\000i\000n\000g}{section.4}% 17
\BOOKMARK [2][-]{subsection.4.3}{\376\377\000B\000a\000s\000e\000l\000i\000n\000e\000s}{section.4}% 18
\BOOKMARK [2][-]{subsection.4.4}{\376\377\000P\000r\000o\000t\000o\000c\000o\000l\000\040\000a\000n\000d\000\040\000s\000t\000a\000t\000i\000s\000t\000i\000c\000a\000l\000\040\000a\000n\000a\000l\000y\000s\000i\000s}{section.4}% 19
\BOOKMARK [1][-]{section.5}{\376\377\000R\000e\000s\000u\000l\000t\000s}{}% 20
\BOOKMARK [2][-]{subsection.5.1}{\376\377\000D\000e\000t\000e\000c\000t\000i\000o\000n\000\040\000p\000e\000r\000f\000o\000r\000m\000a\000n\000c\000e\000\040\000o\000n\000\040\000E\000l\000l\000i\000p\000t\000i\000c}{section.5}% 21
\BOOKMARK [2][-]{subsection.5.2}{\376\377\000W\000h\000a\000t\000\040\000t\000h\000e\000\040\000s\000c\000o\000r\000e\000s\000\040\000m\000e\000a\000n\000\040\000o\000p\000e\000r\000a\000t\000i\000o\000n\000a\000l\000l\000y}{section.5}% 22
\BOOKMARK [2][-]{subsection.5.3}{\376\377\000A\000b\000l\000a\000t\000i\000o\000n\000\040\000s\000t\000u\000d\000y}{section.5}% 23
\BOOKMARK [2][-]{subsection.5.4}{\376\377\000M\000a\000s\000k\000\040\000s\000p\000a\000r\000s\000i\000t\000y\000\040\000v\000e\000r\000s\000u\000s\000\040\000c\000o\000n\000v\000e\000n\000t\000i\000o\000n\000a\000l\000\040\000r\000e\000g\000u\000l\000a\000r\000i\000s\000a\000t\000i\000o\000n}{section.5}% 24
\BOOKMARK [2][-]{subsection.5.5}{\376\377\000T\000e\000m\000p\000o\000r\000a\000l\000\040\000b\000e\000h\000a\000v\000i\000o\000u\000r\000,\000\040\000d\000r\000i\000f\000t\000\040\000a\000n\000d\000\040\000r\000e\000t\000r\000a\000i\000n\000i\000n\000g}{section.5}% 25
\BOOKMARK [2][-]{subsection.5.6}{\376\377\000L\000a\000b\000e\000l\000\040\000e\000f\000f\000i\000c\000i\000e\000n\000c\000y}{section.5}% 26
\BOOKMARK [2][-]{subsection.5.7}{\376\377\000F\000a\000i\000t\000h\000f\000u\000l\000n\000e\000s\000s\000\040\000a\000n\000d\000\040\000c\000o\000s\000t\000\040\000o\000f\000\040\000t\000h\000e\000\040\000e\000x\000p\000l\000a\000n\000a\000t\000i\000o\000n\000s}{section.5}% 27
\BOOKMARK [2][-]{subsection.5.8}{\376\377\000C\000o\000n\000t\000r\000o\000l\000l\000e\000d\000\040\000e\000v\000a\000l\000u\000a\000t\000i\000o\000n\000\040\000o\000n\000\040\000t\000h\000e\000\040\000s\000y\000n\000t\000h\000e\000t\000i\000c\000\040\000b\000e\000n\000c\000h\000m\000a\000r\000k}{section.5}% 28
\BOOKMARK [2][-]{subsection.5.9}{\376\377\000S\000e\000c\000o\000n\000d\000\040\000r\000e\000a\000l\000-\000w\000o\000r\000l\000d\000\040\000d\000a\000t\000a\000s\000e\000t\000:\000\040\000T\000-\000F\000i\000n\000a\000n\000c\000e}{section.5}% 29
\BOOKMARK [2][-]{subsection.5.10}{\376\377\000E\000n\000d\000-\000t\000o\000-\000e\000n\000d\000\040\000l\000a\000t\000e\000n\000c\000y}{section.5}% 30
\BOOKMARK [2][-]{subsection.5.11}{\376\377\000C\000a\000s\000e\000\040\000s\000t\000u\000d\000i\000e\000s}{section.5}% 31
\BOOKMARK [1][-]{section.6}{\376\377\000D\000i\000s\000c\000u\000s\000s\000i\000o\000n}{}% 32
\BOOKMARK [2][-]{subsection.6.1}{\376\377\000W\000h\000a\000t\000\040\000t\000h\000e\000\040\000d\000e\000t\000e\000c\000t\000i\000o\000n\000\040\000r\000e\000s\000u\000l\000t\000s\000\040\000m\000e\000a\000n\000\040\000f\000o\000r\000\040\000d\000e\000c\000i\000s\000i\000o\000n\000\040\000m\000a\000k\000i\000n\000g}{section.6}% 33
\BOOKMARK [2][-]{subsection.6.2}{\376\377\000E\000x\000p\000l\000a\000n\000a\000t\000i\000o\000n\000s\000,\000\040\000r\000e\000g\000u\000l\000a\000t\000i\000o\000n\000\040\000a\000n\000d\000\040\000h\000o\000w\000\040\000m\000a\000s\000k\000s\000\040\000c\000o\000u\000l\000d\000\040\000b\000e\000\040\000o\000p\000e\000r\000a\000t\000i\000o\000n\000a\000l\000i\000s\000e\000d}{section.6}% 34
\BOOKMARK [2][-]{subsection.6.3}{\376\377\000M\000a\000s\000k\000\040\000s\000p\000a\000r\000s\000i\000t\000y\000\040\000i\000s\000\040\000r\000e\000g\000u\000l\000a\000r\000i\000s\000a\000t\000i\000o\000n\000,\000\040\000n\000o\000t\000\040\000a\000\040\000n\000e\000w\000\040\000k\000i\000n\000d\000\040\000o\000f\000\040\000r\000e\000g\000u\000l\000a\000r\000i\000s\000a\000t\000i\000o\000n}{section.6}% 35
\BOOKMARK [2][-]{subsection.6.4}{\376\377\000D\000e\000p\000l\000o\000y\000m\000e\000n\000t\000:\000\040\000d\000r\000i\000f\000t\000,\000\040\000r\000e\000t\000r\000a\000i\000n\000i\000n\000g\000\040\000a\000n\000d\000\040\000l\000a\000t\000e\000n\000c\000y}{section.6}% 36
\BOOKMARK [2][-]{subsection.6.5}{\376\377\000L\000i\000m\000i\000t\000a\000t\000i\000o\000n\000s}{section.6}% 37
\BOOKMARK [1][-]{section.7}{\376\377\000C\000o\000n\000c\000l\000u\000s\000i\000o\000n\000s}{}% 38
\BOOKMARK [1][-]{appendix.A}{\376\377\000E\000l\000l\000i\000p\000t\000i\000c\000:\000\040\000c\000l\000a\000s\000s\000\040\000c\000o\000u\000n\000t\000s\000\040\000p\000e\000r\000\040\000t\000i\000m\000e\000\040\000s\000t\000e\000p}{}% 39
\BOOKMARK [1][-]{appendix.B}{\376\377\000A\000d\000a\000p\000t\000a\000t\000i\000o\000n\000\040\000o\000f\000\040\000t\000h\000e\000\040\000b\000a\000s\000e\000l\000i\000n\000e\000s}{}% 40
\BOOKMARK [1][-]{appendix.C}{\376\377\000E\000f\000f\000e\000c\000t\000\040\000o\000f\000\040\000f\000e\000a\000t\000u\000r\000e\000\040\000p\000r\000e\000p\000r\000o\000c\000e\000s\000s\000i\000n\000g}{}% 41
